
[UX AUDIT] 167 files checked
--------------------------------------------------
[!] ISSUES (30):
  - [Cognitive Load] frontend/app/(tabs)/discover.tsx: Form inputs without labels. Use <label> for accessibility and clarity.
  - [Cognitive Load] frontend/app/admin/index.tsx: Form inputs without labels. Use <label> for accessibility and clarity.
  - [Cognitive Load] frontend/app/library/bhagvad-geeta-backup.tsx: Form inputs without labels. Use <label> for accessibility and clarity.
  - [Cognitive Load] frontend/app/library/continue-reading.tsx: Form inputs without labels. Use <label> for accessibility and clarity.
  - [Cognitive Load] frontend/app/passport/journey/[id].tsx: Form inputs without labels. Use <label> for accessibility and clarity.
  - [Cognitive Load] frontend/app/profile/personality-application.tsx: Form inputs without labels. Use <label> for accessibility and clarity.
  - [Cognitive Load] frontend/app/profile/personality-verification.tsx: Form inputs without labels. Use <label> for accessibility and clarity.
  - [Color] frontend/app/community/[id].tsx: PURPLE DETECTED ('#A855F7'). Banned by Maestro rules. Use Teal/Cyan/Emerald instead.
  - [Cognitive Load] frontend/app/community/[id]/mantra.tsx: Form inputs without labels. Use <label> for accessibility and clarity.
  - [Cognitive Load] frontend/app/temple/[id].tsx: Form inputs without labels. Use <label> for accessibility and clarity.
[*] WARNINGS (728):
  - [Animation] frontend/app/index.tsx: Routing detected without page transitions. Consider fade/slide for context continuity.
  - [Typography] frontend/app/my-krishna.tsx: No line length constraint (45-75ch). Use max-w-prose or max-w-[65ch].
  - [Typography] frontend/app/my-krishna.tsx: Text elements found without line-height. Body: 1.4-1.6, Headings: 1.1-1.3
  - [Animation] frontend/app/my-krishna.tsx: Async operations without loading indicator. Add skeleton or spinner for perceived performance.
  - [Animation] frontend/app/my-krishna.tsx: Routing detected without page transitions. Consider fade/slide for context continuity.
  - [Typography] frontend/app/horoscope.tsx: Uppercase text without tracking. ALL CAPS needs +5-10% spacing.
  - [Visual] frontend/app/horoscope.tsx: Many gradients detected (10). Ensure this serves purpose, not decoration.
  - [Color] frontend/app/horoscope.tsx: 22 distinct colors. Consider 60-30-10 rule: dominant (60%), secondary (30%), accent (10%).
  - [Animation] frontend/app/horoscope.tsx: Routing detected without page transitions. Consider fade/slide for context continuity.
  - [Persuasion] frontend/app/verification.tsx: Social proof without specific numbers. Use 'Join 10,000+' format.
  - [Animation] frontend/app/verification.tsx: Routing detected without page transitions. Consider fade/slide for context continuity.
  - [Animation] frontend/app/live-mantra.tsx: Routing detected without page transitions. Consider fade/slide for context continuity.
  - [Trust] frontend/app/panchang.tsx: Form without security indicators. Add 'SSL Secure' or lock icon.
  - [Typography] frontend/app/panchang.tsx: Uppercase text without tracking. ALL CAPS needs +5-10% spacing.
  - [Color] frontend/app/panchang.tsx: 17 distinct colors. Consider 60-30-10 rule: dominant (60%), secondary (30%), accent (10%).
[+] PASSED CHECKS: 110
STATUS: FAIL
