0 verbose cli /usr/local/bin/node /usr/local/lib/node_modules/npm/bin/npm-cli.js
1 info using npm@11.9.0
2 info using node@v25.6.1
3 silly config load:file:/usr/local/lib/node_modules/npm/npmrc
4 silly config load:file:/Users/developer/Desktop/Brahmand-main/frontend/.npmrc
5 silly config load:file:/Users/developer/Desktop/Brahmand-main/frontend/.expo_home/.npmrc
6 silly config load:file:/usr/local/etc/npmrc
7 verbose title npm exec expo prebuild --clean --no-install
8 verbose argv "exec" "--" "expo" "prebuild" "--clean" "--no-install"
9 verbose logfile logs-max:10 dir:/Users/developer/Desktop/Brahmand-main/frontend/.expo_home/.npm/_logs/2026-06-02T11_44_52_288Z-
10 verbose logfile /Users/developer/Desktop/Brahmand-main/frontend/.expo_home/.npm/_logs/2026-06-02T11_44_52_288Z-debug-0.log
11 silly logfile done cleaning log files
12 http fetch GET https://registry.npmjs.org/npm attempt 1 failed with ENOTFOUND
13 http fetch GET https://registry.npmjs.org/npm attempt 2 failed with ENOTFOUND
14 verbose cwd /Users/developer/Desktop/Brahmand-main/frontend
15 verbose os Darwin 22.6.0
16 verbose node v25.6.1
17 verbose npm  v11.9.0
18 verbose exit 0
19 info ok
